<?xml version="1.0" encoding="UTF-8"?>
<testsuites name="jest tests" tests="2" failures="0" errors="0" time="0.618">
  <testsuite name="__tests__/title.js" errors="0" failures="0" skipped="0" timestamp="2024-11-26T11:33:52" time="0.427" tests="2">
    <testcase classname="Title" name="Displays the correct title1" time="0.014">
    </testcase>
    <testcase classname="Title" name="Displays the correct title2" time="0.001">
    </testcase>
  </testsuite>
</testsuites>